15:58:45 **** Incremental Build of configuration Debug for project LabExe ****
make -j8 all 
arm-none-eabi-gcc "../Core/Src/ex5.c" -mcpu=cortex-m3 -std=gnu11 -g3 -DDEBUG -DUSE_HAL_DRIVER -DSTM32F103x6 -c -I../Core/Inc -I../Drivers/STM32F1xx_HAL_Driver/Inc -I../Drivers/STM32F1xx_HAL_Driver/Inc/Legacy -I../Drivers/CMSIS/Device/ST/STM32F1xx/Include -I../Drivers/CMSIS/Include -O0 -ffunction-sections -fdata-sections -Wall -fstack-usage -MMD -MP -MF"Core/Src/ex5.d" -MT"Core/Src/ex5.o" --specs=nano.specs -mfloat-abi=soft -mthumb -o "Core/Src/ex5.o"
arm-none-eabi-gcc -o "LabExe.elf" @"objects.list"   -mcpu=cortex-m3 -T"E:\BKU\Se241\CO3009_MM\LabExe\STM32F103C6UX_FLASH.ld" --specs=nosys.specs -Wl,-Map="LabExe.map" -Wl,--gc-sections -static --specs=nano.specs -mfloat-abi=soft -mthumb -Wl,--start-group -lc -lm -Wl,--end-group
Finished building target: LabExe.elf
 
arm-none-eabi-size   LabExe.elf 
arm-none-eabi-objdump -h -S  LabExe.elf  > "LabExe.list"
arm-none-eabi-objcopy  -O ihex  LabExe.elf  "LabExe.hex"
   text	   data	    bss	    dec	    hex	filename
   6648	     20	   1572	   8240	   2030	LabExe.elf
arm-none-eabi-objcopy  -O binary  LabExe.elf  "LabExe.bin"
Finished building: default.size.stdout
 
Finished building: LabExe.hex
Finished building: LabExe.bin
 
 
Finished building: LabExe.list
 
